// Jest Snapshot v1, https://goo.gl/fbAQLP

exports[`renders dafault update date button 1`] = `
<UpdateDateButton
  date="2022-17-10"
>
  <div
    className="button-update-date-container"
  >
    <button
      className="button-update-date"
      onClick={[Function]}
    />
  </div>
</UpdateDateButton>
`;
